// Jest Snapshot v1, https://goo.gl/fbAQLP

exports[`<TextField /> should match the snapshot 1`] = `
<div>
  <label
    class="TextField"
    data-testid="TextField"
  >
    <div
      class="input"
    >
      <input
        aria-errormessage="error1"
        aria-invalid="false"
        type="text"
        value=""
      />
    </div>
    <p
      aria-live="polite"
      class="Text error"
      data-testid="Text"
      id="error1"
    />
  </label>
</div>
`;
