// Jest Snapshot v1, https://goo.gl/fbAQLP

exports[`<Chip /> should match the snapshot 1`] = `
<div>
  <div
    class="FakeButton Chip"
    data-testid="Chip"
    role="button"
    tabindex="0"
  >
    <span>
      marklar
    </span>
    <div
      class="FakeButton cancel"
      data-testid="FakeButton"
      role="button"
      tabindex="0"
    >
      <svg>
        cancel.svg
      </svg>
    </div>
  </div>
</div>
`;
