// Jest Snapshot v1, https://goo.gl/fbAQLP

exports[`<ButtonGroup /> should match the snapshot 1`] = `
<div>
  <div
    class="ButtonGroup contained primary"
    data-testid="ButtonGroup"
  >
    <div
      data-testid="Button"
    >
      {"className":"button","variant":"contained","color":"primary"}
    </div>
    <div
      data-testid="Button"
    >
      {"className":"button","variant":"contained","color":"primary"}
    </div>
    <div
      data-testid="Button"
    >
      {"className":"button","variant":"contained","color":"primary"}
    </div>
  </div>
</div>
`;
